     1                                  bits 32
     2                                  
     3                                  global start
     4                                  
     5                                  extern exit
     6                                  
     7                                  import exit msvcrt.dll
     8                                  
     9                                  segment data use32 class=data
    10 00000000 614162423225784D            s db 'a', 'A', 'b', 'B', '2', '%', 'x', 'M'
    11                                      len equ $ - s
    12 00000008 00<rept>                    d times len db 0
    13                                  
    14                                  segment code use32 class=code
    15                                  start:
    16 00000000 BE[00000000]                mov esi, s
    17 00000005 BF[08000000]                mov edi, d
    18 0000000A B908000000                  mov ecx, len
    19 0000000F FC                          cld
    20                                      
    21                                      repeat:
    22 00000010 AC                              lodsb
    23                                          
    24 00000011 3C41                            cmp al, 'A'
    25 00000013 7205                            jb loop_end
    26                                          
    27 00000015 3C5A                            cmp al, 'Z'
    28 00000017 7701                            ja loop_end
    29                                          
    30 00000019 AA                              stosb
    31                                          
    32                                          
    33                                          loop_end:
    34 0000001A E2F4                        loop repeat
    35                                      
    36 0000001C 6A00                        push dword 0
    37 0000001E FF15[00000000]              call [exit]
